# sender   PCI "" MAC "<driver-port-mac>" DP1 "6" DP0 "2" IF "enp3s0f0" IP "192.168.10.100" 
# receiver PCI "" MAC "<reflector-port-mac>" DP1 "7" DP0 "3" IF "enp3s0f1" IP "192.168.10.101" 
# udp 20000 drv: io_udp: syscalls=119978 send_errs=0 rx_truncated=0
# udp 200000 drv: io_udp: syscalls=578364 send_errs=0 rx_truncated=0
# uring 20000 drv: io_uring: submits=120001 send_errs=0 tx_stalls=0 rx_truncated=0 rx_rearms=0 rx_nobufs=0 rx_errs=0 sqpoll=0 sq_pin=none fixed_file=1
# uring 200000 drv: io_uring: submits=314522 send_errs=0 tx_stalls=0 rx_truncated=0 rx_rearms=0 rx_nobufs=0 rx_errs=0 sqpoll=0 sq_pin=none fixed_file=1
# uring-sqpoll 20000 drv: backend: io_uring_queue_init: Invalid argument (this kernel refused SQPOLL, with SQ_AFF and without)
# uring-sqpoll 20000: no result; reflector log:
#   backend: io_uring_queue_init: Invalid argument (this kernel refused SQPOLL, with SQ_AFF and without)
# uring-sqpoll 200000 drv: backend: io_uring_queue_init: Invalid argument (this kernel refused SQPOLL, with SQ_AFF and without)
# uring-sqpoll 200000: no result; reflector log:
#   backend: io_uring_queue_init: Invalid argument (this kernel refused SQPOLL, with SQ_AFF and without)
# tcp 20000 drv: io_tcp: listening on :6107 for 1 peer(s)
# tcp 20000 drv: io_tcp: peer 1 connected from 192.168.10.101:37438
# tcp 20000 drv: io_tcp: role=server conns=1 live=1 tx_records=120000 tx_bytes=12240000 tx_refused=0 tx_stalls=0 tx_partial=0 rx_records=120000 rx_bytes=12240000 syscalls=239999 send_errs=0 recv_errs=0 desyncs=0 closed=0
# tcp 200000 drv: io_tcp: listening on :6108 for 1 peer(s)
# tcp 200000 drv: io_tcp: peer 1 connected from 192.168.10.101:47428
# tcp 200000 drv: io_tcp: role=server conns=1 live=1 tx_records=1200000 tx_bytes=122400000 tx_refused=0 tx_stalls=0 tx_partial=0 rx_records=1200000 rx_bytes=122400000 syscalls=1300861 send_errs=0 recv_errs=0 desyncs=0 closed=0
# xdp 20000 drv: libbpf: elf: skipping unrecognized data section(5) xdp_metadata
# xdp 20000 drv: libbpf: elf: skipping unrecognized data section(5) xdp_metadata
# xdp 20000 drv: libbpf: elf: skipping unrecognized data section(5) xdp_metadata
# xdp 20000 drv: libbpf: elf: skipping unrecognized data section(5) xdp_metadata
# xdp 20000 drv: libbpf: elf: skipping unrecognized data section(5) xdp_metadata
# xdp 20000 drv: io_xdp: enp3s0f0 q=0 native zerocopy filter=/home/denis/sources/oss/dgram-io/bin/xdp_filter.bpf.o
# xdp 20000 drv: io_xdp: if=enp3s0f0 q=0 mode=native zerocopy=1 tx_pkts=120000 kicks=119997 tx_stall=0 padded=0 rx_pkts=117951 rx_filtered=0 xsk_rx_dropped=0 xsk_rx_ring_full=0 xsk_fill_empty=2 xsk_rx_invalid=0
# xdp 200000 drv: libbpf: elf: skipping unrecognized data section(5) xdp_metadata
# xdp 200000 drv: libbpf: elf: skipping unrecognized data section(5) xdp_metadata
# xdp 200000 drv: libbpf: elf: skipping unrecognized data section(5) xdp_metadata
# xdp 200000 drv: libbpf: elf: skipping unrecognized data section(5) xdp_metadata
# xdp 200000 drv: libbpf: elf: skipping unrecognized data section(5) xdp_metadata
# xdp 200000 drv: io_xdp: enp3s0f0 q=0 native zerocopy filter=/home/denis/sources/oss/dgram-io/bin/xdp_filter.bpf.o
# xdp 200000 drv: io_xdp: if=enp3s0f0 q=0 mode=native zerocopy=1 tx_pkts=1200000 kicks=1165863 tx_stall=1143 padded=0 rx_pkts=1197989 rx_filtered=0 xsk_rx_dropped=0 xsk_rx_ring_full=0 xsk_fill_empty=2 xsk_rx_invalid=0
# tcp-xdp 20000 drv: libbpf: elf: skipping unrecognized data section(5) xdp_metadata
# tcp-xdp 20000 drv: libbpf: elf: skipping unrecognized data section(5) xdp_metadata
# tcp-xdp 20000 drv: libbpf: elf: skipping unrecognized data section(5) xdp_metadata
# tcp-xdp 20000 drv: libbpf: elf: skipping unrecognized data section(5) xdp_metadata
# tcp-xdp 20000 drv: libbpf: elf: skipping unrecognized data section(5) xdp_metadata
# tcp-xdp 20000 drv: io_tcp_xdp: enp3s0f0 q=0 native zerocopy filter=/home/denis/sources/oss/dgram-io/bin/xdp_tcp_filter.bpf.o
# tcp-xdp 20000 drv: io_lwip: listening on :6111 for 1 peer(s)
# tcp-xdp 20000 drv: io_lwip: peer 1 connected from 192.168.10.101:55847
# tcp-xdp 20000 drv: io_lwip: connection error -13
# tcp-xdp 20000 drv: io_tcp_xdp: role=server peers=1 live=0 tx_records=33605 rx_records=30690 tx_refused=1938888898 rx_backpressure=0 frames_tx=36416 frames_rx=36305 tx_frame_drops=0 write_mem=1938888898 closed=1 desyncs=0
# tcp-xdp 20000 drv: io_tcp_xdp_stack: tcp_xmit=36414 tcp_recv=36303 tcp_drop=0 tcp_chkerr=0 tcp_lenerr=0 tcp_memerr=1938888898 tcp_proterr=0 tcp_rterr=0 ip_drop=0 ip_chkerr=0 link_drop=0 pbuf_err=0 mem_err=0 mem_max=4480320
# tcp-xdp 20000 drv: io_tcp_xdp_nic: if=enp3s0f0 q=0 mode=native zerocopy=1 tx_pkts=36416 kicks=33641 tx_stall=0 padded=62 rx_pkts=36305 alloc_fail=0 tx_refused=96944 xsk_rx_dropped=0 xsk_rx_ring_full=0 xsk_fill_empty=2 xsk_rx_invalid=0
# tcp-xdp 200000 drv: libbpf: elf: skipping unrecognized data section(5) xdp_metadata
# tcp-xdp 200000 drv: libbpf: elf: skipping unrecognized data section(5) xdp_metadata
# tcp-xdp 200000 drv: libbpf: elf: skipping unrecognized data section(5) xdp_metadata
# tcp-xdp 200000 drv: libbpf: elf: skipping unrecognized data section(5) xdp_metadata
# tcp-xdp 200000 drv: libbpf: elf: skipping unrecognized data section(5) xdp_metadata
# tcp-xdp 200000 drv: io_tcp_xdp: enp3s0f0 q=0 native zerocopy filter=/home/denis/sources/oss/dgram-io/bin/xdp_tcp_filter.bpf.o
# tcp-xdp 200000 drv: io_lwip: listening on :6112 for 1 peer(s)
# tcp-xdp 200000 drv: io_lwip: peer 1 connected from 192.168.10.101:59680
# tcp-xdp 200000 drv: io_lwip: connection error -13
# tcp-xdp 200000 drv: io_tcp_xdp: role=server peers=1 live=0 tx_records=250873 rx_records=243106 tx_refused=2064584360 rx_backpressure=0 frames_tx=319858 frames_rx=297346 tx_frame_drops=0 write_mem=2064584360 closed=1 desyncs=0
# tcp-xdp 200000 drv: io_tcp_xdp_stack: tcp_xmit=319856 tcp_recv=297344 tcp_drop=0 tcp_chkerr=0 tcp_lenerr=0 tcp_memerr=2064584360 tcp_proterr=0 tcp_rterr=0 ip_drop=0 ip_chkerr=0 link_drop=0 pbuf_err=0 mem_err=0 mem_max=4480456
# tcp-xdp 200000 drv: io_tcp_xdp_nic: if=enp3s0f0 q=0 mode=native zerocopy=1 tx_pkts=319858 kicks=267689 tx_stall=0 padded=17681 rx_pkts=297346 alloc_fail=0 tx_refused=103229 xsk_rx_dropped=0 xsk_rx_ring_full=0 xsk_fill_empty=3 xsk_rx_invalid=0
# xdp-copy 20000 drv: libbpf: elf: skipping unrecognized data section(5) xdp_metadata
# xdp-copy 20000 drv: libbpf: elf: skipping unrecognized data section(5) xdp_metadata
# xdp-copy 20000 drv: libbpf: elf: skipping unrecognized data section(5) xdp_metadata
# xdp-copy 20000 drv: libbpf: elf: skipping unrecognized data section(5) xdp_metadata
# xdp-copy 20000 drv: libbpf: elf: skipping unrecognized data section(5) xdp_metadata
# xdp-copy 20000 drv: io_xdp: enp3s0f0 q=0 native copy filter=/home/denis/sources/oss/dgram-io/bin/xdp_filter.bpf.o
# xdp-copy 20000 drv: io_xdp: if=enp3s0f0 q=0 mode=native zerocopy=0 tx_pkts=120000 kicks=120000 tx_stall=0 padded=0 rx_pkts=108673 rx_filtered=0 xsk_rx_dropped=0 xsk_rx_ring_full=0 xsk_fill_empty=0 xsk_rx_invalid=0
# xdp-copy 200000 drv: libbpf: elf: skipping unrecognized data section(5) xdp_metadata
# xdp-copy 200000 drv: libbpf: elf: skipping unrecognized data section(5) xdp_metadata
# xdp-copy 200000 drv: libbpf: elf: skipping unrecognized data section(5) xdp_metadata
# xdp-copy 200000 drv: libbpf: elf: skipping unrecognized data section(5) xdp_metadata
# xdp-copy 200000 drv: libbpf: elf: skipping unrecognized data section(5) xdp_metadata
# xdp-copy 200000 drv: io_xdp: enp3s0f0 q=0 native copy filter=/home/denis/sources/oss/dgram-io/bin/xdp_filter.bpf.o
# xdp-copy 200000 drv: io_xdp: if=enp3s0f0 q=0 mode=native zerocopy=0 tx_pkts=1200000 kicks=1199866 tx_stall=0 padded=0 rx_pkts=1102006 rx_filtered=0 xsk_rx_dropped=0 xsk_rx_ring_full=0 xsk_fill_empty=0 xsk_rx_invalid=0
# tcp-xdp-copy 20000 drv: libbpf: elf: skipping unrecognized data section(5) xdp_metadata
# tcp-xdp-copy 20000 drv: libbpf: elf: skipping unrecognized data section(5) xdp_metadata
# tcp-xdp-copy 20000 drv: libbpf: elf: skipping unrecognized data section(5) xdp_metadata
# tcp-xdp-copy 20000 drv: libbpf: elf: skipping unrecognized data section(5) xdp_metadata
# tcp-xdp-copy 20000 drv: libbpf: elf: skipping unrecognized data section(5) xdp_metadata
# tcp-xdp-copy 20000 drv: io_tcp_xdp: enp3s0f0 q=0 native copy filter=/home/denis/sources/oss/dgram-io/bin/xdp_tcp_filter.bpf.o
# tcp-xdp-copy 20000 drv: io_lwip: listening on :6115 for 1 peer(s)
# tcp-xdp-copy 20000 drv: io_lwip: peer 1 connected from 192.168.10.101:65076
# tcp-xdp-copy 20000 drv: io_tcp_xdp: role=server peers=1 live=1 tx_records=120000 rx_records=120000 tx_refused=0 rx_backpressure=0 frames_tx=120005 frames_rx=120007 tx_frame_drops=0 write_mem=0 closed=0 desyncs=0
# tcp-xdp-copy 20000 drv: io_tcp_xdp_stack: tcp_xmit=120003 tcp_recv=120005 tcp_drop=0 tcp_chkerr=0 tcp_lenerr=0 tcp_memerr=0 tcp_proterr=0 tcp_rterr=0 ip_drop=0 ip_chkerr=0 link_drop=0 pbuf_err=0 mem_err=0 mem_max=3120
# tcp-xdp-copy 20000 drv: io_tcp_xdp_nic: if=enp3s0f0 q=0 mode=native zerocopy=0 tx_pkts=120005 kicks=120003 tx_stall=0 padded=3 rx_pkts=120007 alloc_fail=0 tx_refused=0 xsk_rx_dropped=0 xsk_rx_ring_full=0 xsk_fill_empty=0 xsk_rx_invalid=0
# tcp-xdp-copy 20000 drv: io_lwip: connection error -13
# tcp-xdp-copy 200000 drv: libbpf: elf: skipping unrecognized data section(5) xdp_metadata
# tcp-xdp-copy 200000 drv: libbpf: elf: skipping unrecognized data section(5) xdp_metadata
# tcp-xdp-copy 200000 drv: libbpf: elf: skipping unrecognized data section(5) xdp_metadata
# tcp-xdp-copy 200000 drv: libbpf: elf: skipping unrecognized data section(5) xdp_metadata
# tcp-xdp-copy 200000 drv: libbpf: elf: skipping unrecognized data section(5) xdp_metadata
# tcp-xdp-copy 200000 drv: io_tcp_xdp: enp3s0f0 q=0 native copy filter=/home/denis/sources/oss/dgram-io/bin/xdp_tcp_filter.bpf.o
# tcp-xdp-copy 200000 drv: io_lwip: listening on :6116 for 1 peer(s)
# tcp-xdp-copy 200000 drv: io_lwip: peer 1 connected from 192.168.10.101:50593
# tcp-xdp-copy 200000 drv: io_tcp_xdp: role=server peers=1 live=1 tx_records=1200000 rx_records=1200000 tx_refused=0 rx_backpressure=0 frames_tx=1290954 frames_rx=1171013 tx_frame_drops=0 write_mem=0 closed=0 desyncs=0
# tcp-xdp-copy 200000 drv: io_tcp_xdp_stack: tcp_xmit=1290951 tcp_recv=1171010 tcp_drop=0 tcp_chkerr=0 tcp_lenerr=0 tcp_memerr=0 tcp_proterr=0 tcp_rterr=0 ip_drop=0 ip_chkerr=0 link_drop=0 pbuf_err=0 mem_err=0 mem_max=21840
# tcp-xdp-copy 200000 drv: io_tcp_xdp_nic: if=enp3s0f0 q=0 mode=native zerocopy=0 tx_pkts=1290954 kicks=1290905 tx_stall=0 padded=92745 rx_pkts=1171013 alloc_fail=0 tx_refused=0 xsk_rx_dropped=0 xsk_rx_ring_full=0 xsk_fill_empty=0 xsk_rx_invalid=0
# tcp-xdp-copy 200000 drv: io_lwip: connection error -13
